LAFLAME@DESKTOP-C1JVI5H MINGW64 ~/Desktop (master)
$ cd learn_git_again

LAFLAME@DESKTOP-C1JVI5H MINGW64 ~/Desktop/learn_git_again (master)
$ touch third.txt

LAFLAME@DESKTOP-C1JVI5H MINGW64 ~/Desktop/learn_git_again (master)
$ git init
Initialized empty Git repository in C:/Users/ASUS/Desktop/learn_git_again/.git/

LAFLAME@DESKTOP-C1JVI5H MINGW64 ~/Desktop/learn_git_again (master)
$ git add third.txt

LAFLAME@DESKTOP-C1JVI5H MINGW64 ~/Desktop/learn_git_again (master)
$ git commit -m " adding third.txt"
[master (root-commit) 6b193d5]  adding third.txt
 1 file changed, 0 insertions(+), 0 deletions(-)
 create mode 100644 third.txt

LAFLAME@DESKTOP-C1JVI5H MINGW64 ~/Desktop/learn_git_again (master)
$ git log
commit 6b193d5f4ec86b6f102d9905de7c53300d974364 (HEAD -> master)
Author: Aral Balkan <salimkhalfouni23@gmail.com>
Date:   Wed Sep 29 14:31:42 2021 +0100

     adding third.txt

LAFLAME@DESKTOP-C1JVI5H MINGW64 ~/Desktop/learn_git_again (master)
$ touch fourth.txt

LAFLAME@DESKTOP-C1JVI5H MINGW64 ~/Desktop/learn_git_again (master)
$ git config --global user.name "Skflame007"

LAFLAME@DESKTOP-C1JVI5H MINGW64 ~/Desktop/learn_git_again (master)
$ git config --global user.email "salimkhalfouni23@gmail.com"

LAFLAME@DESKTOP-C1JVI5H MINGW64 ~/Desktop/learn_git_again (master)
$ git push -u origin master
fatal: 'origin' does not appear to be a git repository
fatal: Could not read from remote repository.

Please make sure you have the correct access rights
and the repository exists.

LAFLAME@DESKTOP-C1JVI5H MINGW64 ~/Desktop/learn_git_again (master)
$ git remote origin https://github.com/Skflame007/Skflame007.git
error: Unknown subcommand: origin
usage: git remote [-v | --verbose]
   or: git remote add [-t <branch>] [-m <master>] [-f] [--tags | --no-tags] [--mirror=<fetch|push>] <name> <url>
   or: git remote rename <old> <new>
   or: git remote remove <name>
   or: git remote set-head <name> (-a | --auto | -d | --delete | <branch>)
   or: git remote [-v | --verbose] show [-n] <name>
   or: git remote prune [-n | --dry-run] <name>
   or: git remote [-v | --verbose] update [-p | --prune] [(<group> | <remote>)...]
   or: git remote set-branches [--add] <name> <branch>...
   or: git remote get-url [--push] [--all] <name>
   or: git remote set-url [--push] <name> <newurl> [<oldurl>]
   or: git remote set-url --add <name> <newurl>
   or: git remote set-url --delete <name> <url>

    -v, --verbose         be verbose; must be placed before a subcommand


LAFLAME@DESKTOP-C1JVI5H MINGW64 ~/Desktop/learn_git_again (master)
$ git remote add origin https://github.com/Skflame007/Skflame007.git

LAFLAME@DESKTOP-C1JVI5H MINGW64 ~/Desktop/learn_git_again (master)
$ git push -u origin master

Enumerating objects: 3, done.
Counting objects: 100% (3/3), done.
Writing objects: 100% (3/3), 221 bytes | 73.00 KiB/s, done.
Total 3 (delta 0), reused 0 (delta 0), pack-reused 0
remote:
remote: Create a pull request for 'master' on GitHub by visiting:
remote:      https://github.com/Skflame007/Skflame007/pull/new/master
remote:
To https://github.com/Skflame007/Skflame007.git
 * [new branch]      master -> master
Branch 'master' set up to track remote branch 'master' from 'origin'.

LAFLAME@DESKTOP-C1JVI5H MINGW64 ~/Desktop/learn_git_again (master)
$

LAFLAME@DESKTOP-C1JVI5H MINGW64 ~/Desktop/learn_git_again (master)
$ git rm "third.txt"
rm 'third.txt'

LAFLAME@DESKTOP-C1JVI5H MINGW64 ~/Desktop/learn_git_again (master)
$ git status
On branch master
Your branch is up to date with 'origin/master'.

Changes to be committed:
  (use "git restore --staged <file>..." to unstage)
        deleted:    third.txt

Untracked files:
  (use "git add <file>..." to include in what will be committed)
        fourth.txt


LAFLAME@DESKTOP-C1JVI5H MINGW64 ~/Desktop/learn_git_again (master)
$ git commit -m "removing third.txt"
[master 625e3c6] removing third.txt
 1 file changed, 0 insertions(+), 0 deletions(-)
 delete mode 100644 third.txt

LAFLAME@DESKTOP-C1JVI5H MINGW64 ~/Desktop/learn_git_again (master)
$ git add "fourth.txt"

LAFLAME@DESKTOP-C1JVI5H MINGW64 ~/Desktop/learn_git_again (master)
$ git commit -m "adding fourth.txt"
[master c70c803] adding fourth.txt
 1 file changed, 0 insertions(+), 0 deletions(-)
 create mode 100644 fourth.txt

LAFLAME@DESKTOP-C1JVI5H MINGW64 ~/Desktop/learn_git_again (master)
$ git log
commit c70c803af709b9cad6c2511b3ed0f61323c50145 (HEAD -> master)
Author: Skflame007 <salimkhalfouni23@gmail.com>
Date:   Wed Sep 29 14:47:10 2021 +0100

    adding fourth.txt

commit 625e3c65cb79c8d5d6a48e8fe61ff325aabfebe7
Author: Skflame007 <salimkhalfouni23@gmail.com>
Date:   Wed Sep 29 14:46:35 2021 +0100

    removing third.txt

commit 6b193d5f4ec86b6f102d9905de7c53300d974364 (origin/master)
Author: Aral Balkan <salimkhalfouni23@gmail.com>
Date:   Wed Sep 29 14:31:42 2021 +0100

     adding third.txt

LAFLAME@DESKTOP-C1JVI5H MINGW64 ~/Desktop/learn_git_again (master)
$ git config --global
usage: git config [<options>]

Config file location
    --global              use global config file
    --system              use system config file
    --local               use repository config file
    --worktree            use per-worktree config file
    -f, --file <file>     use given config file
    --blob <blob-id>      read config from given blob object

Action
    --get                 get value: name [value-pattern]
    --get-all             get all values: key [value-pattern]
    --get-regexp          get values for regexp: name-regex [value-pattern]
    --get-urlmatch        get value specific for the URL: section[.var] URL
    --replace-all         replace all matching variables: name value [value-pattern]
    --add                 add a new variable: name value
    --unset               remove a variable: name [value-pattern]
    --unset-all           remove all matches: name [value-pattern]
    --rename-section      rename section: old-name new-name
    --remove-section      remove a section: name
    -l, --list            list all
    --fixed-value         use string equality when comparing values to 'value-pattern'
    -e, --edit            open an editor
    --get-color           find the color configured: slot [default]
    --get-colorbool       find the color setting: slot [stdout-is-tty]

Type
    -t, --type <>         value is given this type
    --bool                value is "true" or "false"
    --int                 value is decimal number
    --bool-or-int         value is --bool or --int
    --bool-or-str         value is --bool or string
    --path                value is a path (file or directory name)
    --expiry-date         value is an expiry date

Other
    -z, --null            terminate values with NUL byte
    --name-only           show variable names only
    --includes            respect include directives on lookup
    --show-origin         show origin of config (file, standard input, blob, command line)
    --show-scope          show scope of config (worktree, local, global, system, command)
    --default <value>     with --get, use default value when missing entry


LAFLAME@DESKTOP-C1JVI5H MINGW64 ~/Desktop/learn_git_again (master)
$ git config --list --show-origin
file:C:/Program Files/Git/etc/gitconfig diff.astextplain.textconv=astextplain
file:C:/Program Files/Git/etc/gitconfig filter.lfs.clean=git-lfs clean -- %f
file:C:/Program Files/Git/etc/gitconfig filter.lfs.smudge=git-lfs smudge -- %f
file:C:/Program Files/Git/etc/gitconfig filter.lfs.process=git-lfs filter-process
file:C:/Program Files/Git/etc/gitconfig filter.lfs.required=true
file:C:/Program Files/Git/etc/gitconfig http.sslbackend=openssl
file:C:/Program Files/Git/etc/gitconfig http.sslcainfo=C:/Program Files/Git/mingw64/ssl/certs/ca-bundle.crt
file:C:/Program Files/Git/etc/gitconfig core.autocrlf=true
file:C:/Program Files/Git/etc/gitconfig core.fscache=true
file:C:/Program Files/Git/etc/gitconfig core.symlinks=true
file:C:/Program Files/Git/etc/gitconfig pull.rebase=false
file:C:/Program Files/Git/etc/gitconfig credential.helper=manager-core
file:C:/Program Files/Git/etc/gitconfig credential.https://dev.azure.com.usehttppath=true
file:C:/Program Files/Git/etc/gitconfig init.defaultbranch=master
file:C:/Users/ASUS/.gitconfig   user.email=salimkhalfouni23@gmail.com
file:C:/Users/ASUS/.gitconfig   user.name=Skflame007
file:.git/config        core.repositoryformatversion=0
file:.git/config        core.filemode=false
file:.git/config        core.bare=false
file:.git/config        core.logallrefupdates=true
file:.git/config        core.ignorecase=true
file:.git/config        remote.origin.url=https://github.com/Skflame007/Skflame007.git
file:.git/config        remote.origin.fetch=+refs/heads/*:refs/remotes/origin/*
file:.git/config        branch.master.remote=origin
file:.git/config        branch.master.merge=refs/heads/master

LAFLAME@DESKTOP-C1JVI5H MINGW64 ~/Desktop/learn_git_again (master)
